<html>

<head>
  <meta charset="utf-8">
  <title>This is a basic page</title>
</head>

<body>
  <p>This is a page which should be unmodified by html-archiver.</p>
</body>

</html>
