<html>

<head>
  <title>This is a page with a non UTF-8 charset</title>
  <meta charset="latin-1">
</head>

<body>
  <p>
    This is a page which has a charset tag with a non-UTF-8 encoding.
    It should be ignored by html-archiver.
  </p>
</body>

</html>
